python : Creating test database for alias 
'default'...
En línea: 1 Carácter: 1
+ python manage.py test 
users.tests.test_badges > test_output.txt 
2>&1
+ ~~~~~~~~~~~~~~~~~~~~~~~~~~~~~~~~~~~~~~~~~~~
~~~~~~~~~~~~~~~~~~~~~~~~~
    + CategoryInfo          : NotSpecified:  
   (Creating test d...as 'default'...:Strin  
  g) [], RemoteException
    + FullyQualifiedErrorId : NativeCommandE 
   rror
 

System check identified some issues:

WARNINGS:
?: settings.ACCOUNT_AUTHENTICATION_METHOD is 
deprecated, use: 
settings.ACCOUNT_LOGIN_METHODS = {'email'}
?: settings.ACCOUNT_EMAIL_REQUIRED is 
deprecated, use: 
settings.ACCOUNT_SIGNUP_FIELDS = ['email*', 
'password1*', 'password2*']
?: settings.ACCOUNT_USERNAME_REQUIRED is 
deprecated, use: 
settings.ACCOUNT_SIGNUP_FIELDS = ['email*', 
'password1*', 'password2*']

System check identified 3 issues (0 
silenced).
EEE
=============================================
=========================
ERROR: test_service_awards_badge (users.tests
.test_badges.BadgeServiceTests.test_service_a
wards_badge)
---------------------------------------------
-------------------------
Traceback (most recent call last):
  File "C:\Users\Usuario\Documents\Developer\
Projects\MangaAnimEden\users\tests\test_badge
s.py", line 34, in setUp
    
self.chapters.append(Chapter.objects.create(
                         
^^^^^^^^^^^^^^^^^^^^^^^
  File "C:\Users\Usuario\AppData\Local\Packag
es\PythonSoftwareFoundation.Python.3.11_qbz5n
2kfra8p0\LocalCache\local-packages\Python311\
site-packages\django\db\models\manager.py", 
line 87, in manager_method
    return getattr(self.get_queryset(), 
name)(*args, **kwargs)
           ^^^^^^^^^^^^^^^^^^^^^^^^^^^^^^^^^^
^^^^^^^^^^^^^^^^^
  File "C:\Users\Usuario\AppData\Local\Packag
es\PythonSoftwareFoundation.Python.3.11_qbz5n
2kfra8p0\LocalCache\local-packages\Python311\
site-packages\django\db\models\query.py", 
line 663, in create
    obj = self.model(**kwargs)
          ^^^^^^^^^^^^^^^^^^^^
  File "C:\Users\Usuario\AppData\Local\Packag
es\PythonSoftwareFoundation.Python.3.11_qbz5n
2kfra8p0\LocalCache\local-packages\Python311\
site-packages\django\db\models\base.py", 
line 569, in __init__
    raise TypeError(
TypeError: Chapter() got unexpected keyword 
arguments: 'pdf_file'

=============================================
=========================
ERROR: test_signal_awards_badge (users.tests.
test_badges.BadgeServiceTests.test_signal_awa
rds_badge)
---------------------------------------------
-------------------------
Traceback (most recent call last):
  File "C:\Users\Usuario\Documents\Developer\
Projects\MangaAnimEden\users\tests\test_badge
s.py", line 34, in setUp
    
self.chapters.append(Chapter.objects.create(
                         
^^^^^^^^^^^^^^^^^^^^^^^
  File "C:\Users\Usuario\AppData\Local\Packag
es\PythonSoftwareFoundation.Python.3.11_qbz5n
2kfra8p0\LocalCache\local-packages\Python311\
site-packages\django\db\models\manager.py", 
line 87, in manager_method
    return getattr(self.get_queryset(), 
name)(*args, **kwargs)
           ^^^^^^^^^^^^^^^^^^^^^^^^^^^^^^^^^^
^^^^^^^^^^^^^^^^^
  File "C:\Users\Usuario\AppData\Local\Packag
es\PythonSoftwareFoundation.Python.3.11_qbz5n
2kfra8p0\LocalCache\local-packages\Python311\
site-packages\django\db\models\query.py", 
line 663, in create
    obj = self.model(**kwargs)
          ^^^^^^^^^^^^^^^^^^^^
  File "C:\Users\Usuario\AppData\Local\Packag
es\PythonSoftwareFoundation.Python.3.11_qbz5n
2kfra8p0\LocalCache\local-packages\Python311\
site-packages\django\db\models\base.py", 
line 569, in __init__
    raise TypeError(
TypeError: Chapter() got unexpected keyword 
arguments: 'pdf_file'

=============================================
=========================
Found 3 test(s).
ERROR: test_threshold_exact_match (users.test
s.test_badges.BadgeServiceTests.test_threshol
d_exact_match)
---------------------------------------------
-------------------------
Traceback (most recent call last):
  File "C:\Users\Usuario\Documents\Developer\
Projects\MangaAnimEden\users\tests\test_badge
s.py", line 34, in setUp
    
self.chapters.append(Chapter.objects.create(
                         
^^^^^^^^^^^^^^^^^^^^^^^
  File "C:\Users\Usuario\AppData\Local\Packag
es\PythonSoftwareFoundation.Python.3.11_qbz5n
2kfra8p0\LocalCache\local-packages\Python311\
site-packages\django\db\models\manager.py", 
line 87, in manager_method
    return getattr(self.get_queryset(), 
name)(*args, **kwargs)
           ^^^^^^^^^^^^^^^^^^^^^^^^^^^^^^^^^^
^^^^^^^^^^^^^^^^^
  File "C:\Users\Usuario\AppData\Local\Packag
es\PythonSoftwareFoundation.Python.3.11_qbz5n
2kfra8p0\LocalCache\local-packages\Python311\
site-packages\django\db\models\query.py", 
line 663, in create
    obj = self.model(**kwargs)
          ^^^^^^^^^^^^^^^^^^^^
  File "C:\Users\Usuario\AppData\Local\Packag
es\PythonSoftwareFoundation.Python.3.11_qbz5n
2kfra8p0\LocalCache\local-packages\Python311\
site-packages\django\db\models\base.py", 
line 569, in __init__
    raise TypeError(
TypeError: Chapter() got unexpected keyword 
arguments: 'pdf_file'

---------------------------------------------
-------------------------
Ran 3 tests in 2.235s

FAILED (errors=3)
Destroying test database for alias 
'default'...

